A	C	G	T	N	IUPAC	Other	GC	GC_stdev
0.3039	0.1905	0.1990	0.3065	0.0000	0.0000	0.0000	0.3896	0.0817

Main genome scaffold total:         	49
Main genome contig total:           	49
Main genome scaffold sequence total:	1657706
Main genome contig sequence total:  	1657706  	0.000% gap
Main genome scaffold N/L50:         	5/91255
Main genome contig N/L50:           	5/91255
Main genome scaffold N/L90:         	16/33021
Main genome contig N/L90:           	16/33021
Max scaffold length:                	472566
Max contig length:                  	472566
Number of scaffolds > 50 KB:        	11
% main genome in scaffolds > 50 KB: 	78.36%


Minimum 	Number        	Number        	Total         	Total         	Scaffold
Scaffold	of            	of            	Scaffold      	Contig        	Contig  
Length  	Scaffolds     	Contigs       	Length        	Length        	Coverage
--------	--------------	--------------	--------------	--------------	--------
    All 	            49	            49	       1657706	       1657706	 100.00%
    100 	            49	            49	       1657706	       1657706	 100.00%
    250 	            48	            48	       1657461	       1657461	 100.00%
    500 	            38	            38	       1654299	       1654299	 100.00%
   1000 	            36	            36	       1652803	       1652803	 100.00%
   2500 	            30	            30	       1642694	       1642694	 100.00%
   5000 	            25	            25	       1623460	       1623460	 100.00%
  10000 	            21	            21	       1595968	       1595968	 100.00%
  25000 	            17	            17	       1522271	       1522271	 100.00%
  50000 	            11	            11	       1298939	       1298939	 100.00%
 100000 	             3	             3	        718668	        718668	 100.00%
 250000 	             1	             1	        472566	        472566	 100.00%

