#                                                                                          --- full sequence --- -------------- this domain -------------   hmm coord   ali coord   env coord
# target name                      accession   tlen query name           accession   qlen   E-value  score  bias   #  of  c-Evalue  i-Evalue  score  bias  from    to  from    to  from    to  acc description of target
#              ------------------- ---------- ----- -------------------- ---------- ----- --------- ------ ----- --- --- --------- --------- ------ ----- ----- ----- ----- ----- ----- ----- ---- ---------------------
NZ_CADHBV010000004.1:66975-68759|- -            595 1036075at2           -            356   4.2e-59  197.1  22.8   1   6   1.2e-11   6.5e-09   32.0   0.7     2    35    16    51    15    69 0.77 NZ_CADHBV010000004.1_67 # 66975 # 68759 # -1 # ID=4_67;partial=00;start_type=ATG;rbs_motif=GGA/GAG/AGG;rbs_spacer=5-10bp;gc_cont=0.378
NZ_CADHBV010000004.1:66975-68759|- -            595 1036075at2           -            356   4.2e-59  197.1  22.8   2   6   3.4e-17   1.8e-14   50.4   0.6    24    71    65   112    56   118 0.89 NZ_CADHBV010000004.1_67 # 66975 # 68759 # -1 # ID=4_67;partial=00;start_type=ATG;rbs_motif=GGA/GAG/AGG;rbs_spacer=5-10bp;gc_cont=0.378
NZ_CADHBV010000004.1:66975-68759|- -            595 1036075at2           -            356   4.2e-59  197.1  22.8   3   6   8.9e-09   4.7e-06   22.7   1.8    73   162   134   246   130   259 0.66 NZ_CADHBV010000004.1_67 # 66975 # 68759 # -1 # ID=4_67;partial=00;start_type=ATG;rbs_motif=GGA/GAG/AGG;rbs_spacer=5-10bp;gc_cont=0.378
NZ_CADHBV010000004.1:66975-68759|- -            595 1036075at2           -            356   4.2e-59  197.1  22.8   4   6    0.0001     0.055    9.3   0.1   164   210   317   366   292   373 0.84 NZ_CADHBV010000004.1_67 # 66975 # 68759 # -1 # ID=4_67;partial=00;start_type=ATG;rbs_motif=GGA/GAG/AGG;rbs_spacer=5-10bp;gc_cont=0.378
NZ_CADHBV010000004.1:66975-68759|- -            595 1036075at2           -            356   4.2e-59  197.1  22.8   5   6   4.4e-17   2.3e-14   50.0   0.0   208   280   389   475   370   481 0.85 NZ_CADHBV010000004.1_67 # 66975 # 68759 # -1 # ID=4_67;partial=00;start_type=ATG;rbs_motif=GGA/GAG/AGG;rbs_spacer=5-10bp;gc_cont=0.378
NZ_CADHBV010000004.1:66975-68759|- -            595 1036075at2           -            356   4.2e-59  197.1  22.8   6   6   2.1e-14   1.1e-11   41.2   0.2   286   345   520   587   501   594 0.83 NZ_CADHBV010000004.1_67 # 66975 # 68759 # -1 # ID=4_67;partial=00;start_type=ATG;rbs_motif=GGA/GAG/AGG;rbs_spacer=5-10bp;gc_cont=0.378
NZ_CADHBV010000013.1:39375-41351|- -            659 1036075at2           -            356    0.0011   14.8   0.7   1   1   3.9e-06     0.002   14.0   0.5   126   154   629   656   588   658 0.78 NZ_CADHBV010000013.1_39 # 39375 # 41351 # -1 # ID=13_39;partial=00;start_type=ATG;rbs_motif=GGA/GAG/AGG;rbs_spacer=5-10bp;gc_cont=0.407
NZ_CADHBV010000004.1:14335-14886|+ -            184 1036075at2           -            356    0.0012   14.7   0.1   1   1   3.4e-06    0.0018   14.2   0.1   272   356    29   123    25   123 0.78 NZ_CADHBV010000004.1_12 # 14335 # 14886 # 1 # ID=4_12;partial=00;start_type=ATG;rbs_motif=GGA/GAG/AGG;rbs_spacer=5-10bp;gc_cont=0.420
#
# Program:         hmmsearch
# Version:         3.4 (Aug 2023)
# Pipeline mode:   SEARCH
# Query file:      /Users/kenny/BMMB852/Week02/Makefile/busco_downloads/lineages/bacteria_odb10/hmms/1036075at2.hmm
# Target file:     /Users/kenny/BMMB852/Week02/Makefile/hpylori_busco/prodigal_output/predicted_genes/predicted.faa
# Option settings: hmmsearch --domtblout /Users/kenny/BMMB852/Week02/Makefile/hpylori_busco/run_bacteria_odb10/hmmer_output/1036075at2.out --cpu 1 /Users/kenny/BMMB852/Week02/Makefile/busco_downloads/lineages/bacteria_odb10/hmms/1036075at2.hmm /Users/kenny/BMMB852/Week02/Makefile/hpylori_busco/prodigal_output/predicted_genes/predicted.faa 
# Current dir:     /Users/kenny/BMMB852/Week02/Makefile
# Date:            Thu Sep  3 14:18:38 2026
# [ok]
