#                                                                                            --- full sequence --- -------------- this domain -------------   hmm coord   ali coord   env coord
# target name                        accession   tlen query name           accession   qlen   E-value  score  bias   #  of  c-Evalue  i-Evalue  score  bias  from    to  from    to  from    to  acc description of target
#                ------------------- ---------- ----- -------------------- ---------- ----- --------- ------ ----- --- --- --------- --------- ------ ----- ----- ----- ----- ----- ----- ----- ---- ---------------------
NZ_CADHBV010000018.1:4517-5350|+     -            278 1069591at2           -            187   9.5e-18   61.0   0.1   1   3   4.7e-15   2.5e-12   43.4   0.0    21   104     2    92     1   109 0.81 NZ_CADHBV010000018.1_7 # 4517 # 5350 # 1 # ID=18_7;partial=00;start_type=TTG;rbs_motif=None;rbs_spacer=None;gc_cont=0.380
NZ_CADHBV010000018.1:4517-5350|+     -            278 1069591at2           -            187   9.5e-18   61.0   0.1   2   3    0.0048       2.5    4.2   0.0   109   129   118   138   107   149 0.85 NZ_CADHBV010000018.1_7 # 4517 # 5350 # 1 # ID=18_7;partial=00;start_type=TTG;rbs_motif=None;rbs_spacer=None;gc_cont=0.380
NZ_CADHBV010000018.1:4517-5350|+     -            278 1069591at2           -            187   9.5e-18   61.0   0.1   3   3   0.00081      0.42    6.7   0.1   132   161   167   198   145   249 0.79 NZ_CADHBV010000018.1_7 # 4517 # 5350 # 1 # ID=18_7;partial=00;start_type=TTG;rbs_motif=None;rbs_spacer=None;gc_cont=0.380
NZ_CADHBV010000001.1:242782-245352|+ -            857 1069591at2           -            187    0.0062   12.7   2.1   1   3      0.27   1.4e+02   -1.5   0.0     4    26   202   223   200   225 0.84 NZ_CADHBV010000001.1_228 # 242782 # 245352 # 1 # ID=1_228;partial=00;start_type=ATG;rbs_motif=AGGA;rbs_spacer=5-10bp;gc_cont=0.414
NZ_CADHBV010000001.1:242782-245352|+ -            857 1069591at2           -            187    0.0062   12.7   2.1   2   3     0.029        15    1.7   1.0   111   153   404   446   389   495 0.84 NZ_CADHBV010000001.1_228 # 242782 # 245352 # 1 # ID=1_228;partial=00;start_type=ATG;rbs_motif=AGGA;rbs_spacer=5-10bp;gc_cont=0.414
NZ_CADHBV010000001.1:242782-245352|+ -            857 1069591at2           -            187    0.0062   12.7   2.1   3   3   0.00059      0.31    7.2   0.0     3    21   602   620   600   635 0.84 NZ_CADHBV010000001.1_228 # 242782 # 245352 # 1 # ID=1_228;partial=00;start_type=ATG;rbs_motif=AGGA;rbs_spacer=5-10bp;gc_cont=0.414
NZ_CADHBV010000007.1:14995-16335|+   -            447 1069591at2           -            187    0.0069   12.6   0.1   1   1   4.4e-05     0.023   10.9   0.1     2    22   145   165   144   173 0.92 NZ_CADHBV010000007.1_14 # 14995 # 16335 # 1 # ID=7_14;partial=00;start_type=ATG;rbs_motif=GGAG/GAGG;rbs_spacer=5-10bp;gc_cont=0.413
#
# Program:         hmmsearch
# Version:         3.4 (Aug 2023)
# Pipeline mode:   SEARCH
# Query file:      /Users/kenny/BMMB852/Week02/Makefile/busco_downloads/lineages/bacteria_odb10/hmms/1069591at2.hmm
# Target file:     /Users/kenny/BMMB852/Week02/Makefile/hpylori_busco/prodigal_output/predicted_genes/predicted.faa
# Option settings: hmmsearch --domtblout /Users/kenny/BMMB852/Week02/Makefile/hpylori_busco/run_bacteria_odb10/hmmer_output/1069591at2.out --cpu 1 /Users/kenny/BMMB852/Week02/Makefile/busco_downloads/lineages/bacteria_odb10/hmms/1069591at2.hmm /Users/kenny/BMMB852/Week02/Makefile/hpylori_busco/prodigal_output/predicted_genes/predicted.faa 
# Current dir:     /Users/kenny/BMMB852/Week02/Makefile
# Date:            Thu Sep  3 14:18:38 2026
# [ok]
