#                                                                                            --- full sequence --- -------------- this domain -------------   hmm coord   ali coord   env coord
# target name                        accession   tlen query name           accession   qlen   E-value  score  bias   #  of  c-Evalue  i-Evalue  score  bias  from    to  from    to  from    to  acc description of target
#                ------------------- ---------- ----- -------------------- ---------- ----- --------- ------ ----- --- --- --------- --------- ------ ----- ----- ----- ----- ----- ----- ----- ---- ---------------------
NZ_CADHBV010000015.1:17373-18947|-   -            525 1074831at2           -            386   3.4e-17   59.1  33.3   1   3   2.4e-08   4.7e-06   22.4   1.0     2   121     9   147     8   154 0.70 NZ_CADHBV010000015.1_21 # 17373 # 18947 # -1 # ID=15_21;partial=00;start_type=ATG;rbs_motif=GGA/GAG/AGG;rbs_spacer=5-10bp;gc_cont=0.399
NZ_CADHBV010000015.1:17373-18947|-   -            525 1074831at2           -            386   3.4e-17   59.1  33.3   2   3     0.019       3.7    3.0  10.3   107   189   158   244   138   252 0.68 NZ_CADHBV010000015.1_21 # 17373 # 18947 # -1 # ID=15_21;partial=00;start_type=ATG;rbs_motif=GGA/GAG/AGG;rbs_spacer=5-10bp;gc_cont=0.399
NZ_CADHBV010000015.1:17373-18947|-   -            525 1074831at2           -            386   3.4e-17   59.1  33.3   3   3   1.4e-13   2.7e-11   39.7   8.6   143   383   251   518   236   521 0.56 NZ_CADHBV010000015.1_21 # 17373 # 18947 # -1 # ID=15_21;partial=00;start_type=ATG;rbs_motif=GGA/GAG/AGG;rbs_spacer=5-10bp;gc_cont=0.399
NZ_CADHBV010000001.1:385650-387305|+ -            552 1074831at2           -            386   2.2e-06   23.5   2.8   1   3     0.067        13    1.2   0.1   121   187   180   247   176   255 0.81 NZ_CADHBV010000001.1_356 # 385650 # 387305 # 1 # ID=1_356;partial=00;start_type=TTG;rbs_motif=GGA/GAG/AGG;rbs_spacer=5-10bp;gc_cont=0.392
NZ_CADHBV010000001.1:385650-387305|+ -            552 1074831at2           -            386   2.2e-06   23.5   2.8   2   3    0.0038      0.75    5.3   0.1    22    65   365   408   348   442 0.74 NZ_CADHBV010000001.1_356 # 385650 # 387305 # 1 # ID=1_356;partial=00;start_type=TTG;rbs_motif=GGA/GAG/AGG;rbs_spacer=5-10bp;gc_cont=0.392
NZ_CADHBV010000001.1:385650-387305|+ -            552 1074831at2           -            386   2.2e-06   23.5   2.8   3   3   2.9e-06   0.00058   15.6   0.1   283   356   466   544   439   550 0.80 NZ_CADHBV010000001.1_356 # 385650 # 387305 # 1 # ID=1_356;partial=00;start_type=TTG;rbs_motif=GGA/GAG/AGG;rbs_spacer=5-10bp;gc_cont=0.392
NZ_CADHBV010000001.1:289365-290228|+ -            288 1074831at2           -            386     9e-05   18.2   2.9   1   2     0.016       3.1    3.3   0.2    24    36    36    48    25    61 0.81 NZ_CADHBV010000001.1_265 # 289365 # 290228 # 1 # ID=1_265;partial=00;start_type=ATG;rbs_motif=AGGAG;rbs_spacer=5-10bp;gc_cont=0.428
NZ_CADHBV010000001.1:289365-290228|+ -            288 1074831at2           -            386     9e-05   18.2   2.9   2   2   3.7e-06   0.00073   15.2   0.2   278   355   143   228   134   240 0.78 NZ_CADHBV010000001.1_265 # 289365 # 290228 # 1 # ID=1_265;partial=00;start_type=ATG;rbs_motif=AGGAG;rbs_spacer=5-10bp;gc_cont=0.428
NZ_CADHBV010000002.1:57571-60396|-   -            942 1074831at2           -            386   0.00059   15.5   0.2   1   4      0.06        12    1.4   0.0    21    36    31    46    25    65 0.81 NZ_CADHBV010000002.1_48 # 57571 # 60396 # -1 # ID=2_48;partial=00;start_type=TTG;rbs_motif=AGGA;rbs_spacer=5-10bp;gc_cont=0.404
NZ_CADHBV010000002.1:57571-60396|-   -            942 1074831at2           -            386   0.00059   15.5   0.2   2   4      0.17        33   -0.1   0.0   287   306   483   502   452   519 0.78 NZ_CADHBV010000002.1_48 # 57571 # 60396 # -1 # ID=2_48;partial=00;start_type=TTG;rbs_motif=AGGA;rbs_spacer=5-10bp;gc_cont=0.404
NZ_CADHBV010000002.1:57571-60396|-   -            942 1074831at2           -            386   0.00059   15.5   0.2   3   4    0.0044      0.87    5.1   0.0     6    37   611   647   608   663 0.73 NZ_CADHBV010000002.1_48 # 57571 # 60396 # -1 # ID=2_48;partial=00;start_type=TTG;rbs_motif=AGGA;rbs_spacer=5-10bp;gc_cont=0.404
NZ_CADHBV010000002.1:57571-60396|-   -            942 1074831at2           -            386   0.00059   15.5   0.2   4   4     0.026       5.1    2.6   0.0   285   319   822   859   817   873 0.73 NZ_CADHBV010000002.1_48 # 57571 # 60396 # -1 # ID=2_48;partial=00;start_type=TTG;rbs_motif=AGGA;rbs_spacer=5-10bp;gc_cont=0.404
NZ_CADHBV010000002.1:86149-88002|-   -            618 1074831at2           -            386    0.0017   14.0   0.0   1   5      0.33        64   -1.1   0.2   125   169    15    58     8    68 0.57 NZ_CADHBV010000002.1_74 # 86149 # 88002 # -1 # ID=2_74;partial=00;start_type=ATG;rbs_motif=GGAG/GAGG;rbs_spacer=5-10bp;gc_cont=0.353
NZ_CADHBV010000002.1:86149-88002|-   -            618 1074831at2           -            386    0.0017   14.0   0.0   2   5   8.5e-06    0.0017   14.0   0.0    25    48    67    90    61   105 0.80 NZ_CADHBV010000002.1_74 # 86149 # 88002 # -1 # ID=2_74;partial=00;start_type=ATG;rbs_motif=GGAG/GAGG;rbs_spacer=5-10bp;gc_cont=0.353
NZ_CADHBV010000002.1:86149-88002|-   -            618 1074831at2           -            386    0.0017   14.0   0.0   3   5      0.97   1.9e+02   -2.6   0.0   183   220   233   269   206   272 0.78 NZ_CADHBV010000002.1_74 # 86149 # 88002 # -1 # ID=2_74;partial=00;start_type=ATG;rbs_motif=GGAG/GAGG;rbs_spacer=5-10bp;gc_cont=0.353
NZ_CADHBV010000002.1:86149-88002|-   -            618 1074831at2           -            386    0.0017   14.0   0.0   4   5      0.61   1.2e+02   -1.9   3.3   166   266   359   465   302   482 0.51 NZ_CADHBV010000002.1_74 # 86149 # 88002 # -1 # ID=2_74;partial=00;start_type=ATG;rbs_motif=GGAG/GAGG;rbs_spacer=5-10bp;gc_cont=0.353
NZ_CADHBV010000002.1:86149-88002|-   -            618 1074831at2           -            386    0.0017   14.0   0.0   5   5      0.44        87   -1.5   1.1   166   210   542   585   532   613 0.44 NZ_CADHBV010000002.1_74 # 86149 # 88002 # -1 # ID=2_74;partial=00;start_type=ATG;rbs_motif=GGAG/GAGG;rbs_spacer=5-10bp;gc_cont=0.353
NZ_CADHBV010000012.1:18232-18978|-   -            249 1074831at2           -            386    0.0027   13.4   0.4   1   2     0.032       6.2    2.3   0.0    22    41    32    51    15    87 0.89 NZ_CADHBV010000012.1_16 # 18232 # 18978 # -1 # ID=12_16;partial=00;start_type=ATG;rbs_motif=GGAG/GAGG;rbs_spacer=5-10bp;gc_cont=0.378
NZ_CADHBV010000012.1:18232-18978|-   -            249 1074831at2           -            386    0.0027   13.4   0.4   2   2   0.00022     0.042    9.4   0.1   271   331   121   181   116   210 0.82 NZ_CADHBV010000012.1_16 # 18232 # 18978 # -1 # ID=12_16;partial=00;start_type=ATG;rbs_motif=GGAG/GAGG;rbs_spacer=5-10bp;gc_cont=0.378
NZ_CADHBV010000001.1:228750-230300|- -            517 1074831at2           -            386      0.12    7.9   5.6   1   5     0.081        16    0.9   0.2    24    38    31    45    17   129 0.77 NZ_CADHBV010000001.1_215 # 228750 # 230300 # -1 # ID=1_215;partial=00;start_type=ATG;rbs_motif=AGxAGG/AGGxGG;rbs_spacer=3-4bp;gc_cont=0.410
NZ_CADHBV010000001.1:228750-230300|- -            517 1074831at2           -            386      0.12    7.9   5.6   2   5     0.031       6.2    2.3   0.0   290   334   146   190   139   230 0.88 NZ_CADHBV010000001.1_215 # 228750 # 230300 # -1 # ID=1_215;partial=00;start_type=ATG;rbs_motif=AGxAGG/AGGxGG;rbs_spacer=3-4bp;gc_cont=0.410
NZ_CADHBV010000001.1:228750-230300|- -            517 1074831at2           -            386      0.12    7.9   5.6   3   5      0.62   1.2e+02   -2.0   0.0    69    97   238   266   216   268 0.83 NZ_CADHBV010000001.1_215 # 228750 # 230300 # -1 # ID=1_215;partial=00;start_type=ATG;rbs_motif=AGxAGG/AGGxGG;rbs_spacer=3-4bp;gc_cont=0.410
NZ_CADHBV010000001.1:228750-230300|- -            517 1074831at2           -            386      0.12    7.9   5.6   4   5       0.1        20    0.6   0.2    25    43   303   322   290   334 0.76 NZ_CADHBV010000001.1_215 # 228750 # 230300 # -1 # ID=1_215;partial=00;start_type=ATG;rbs_motif=AGxAGG/AGGxGG;rbs_spacer=3-4bp;gc_cont=0.410
NZ_CADHBV010000001.1:228750-230300|- -            517 1074831at2           -            386      0.12    7.9   5.6   5   5     0.035         7    2.1   0.0   290   315   412   437   402   493 0.86 NZ_CADHBV010000001.1_215 # 228750 # 230300 # -1 # ID=1_215;partial=00;start_type=ATG;rbs_motif=AGxAGG/AGGxGG;rbs_spacer=3-4bp;gc_cont=0.410
NZ_CADHBV010000001.1:28984-29598|+   -            205 1074831at2           -            386      0.12    7.9   8.6   1   1   0.00078      0.15    7.6   8.6   125   259     7   141     1   155 0.80 NZ_CADHBV010000001.1_26 # 28984 # 29598 # 1 # ID=1_26;partial=00;start_type=GTG;rbs_motif=None;rbs_spacer=None;gc_cont=0.374
#
# Program:         hmmsearch
# Version:         3.4 (Aug 2023)
# Pipeline mode:   SEARCH
# Query file:      /Users/kenny/BMMB852/Week02/Makefile/busco_downloads/lineages/bacteria_odb10/hmms/1074831at2.hmm
# Target file:     /Users/kenny/BMMB852/Week02/Makefile/hpylori_busco/prodigal_output/predicted_genes/predicted.faa
# Option settings: hmmsearch --domtblout /Users/kenny/BMMB852/Week02/Makefile/hpylori_busco/run_bacteria_odb10/hmmer_output/1074831at2.out --cpu 1 /Users/kenny/BMMB852/Week02/Makefile/busco_downloads/lineages/bacteria_odb10/hmms/1074831at2.hmm /Users/kenny/BMMB852/Week02/Makefile/hpylori_busco/prodigal_output/predicted_genes/predicted.faa 
# Current dir:     /Users/kenny/BMMB852/Week02/Makefile
# Date:            Thu Sep  3 14:18:38 2026
# [ok]
