#                                                                                          --- full sequence --- -------------- this domain -------------   hmm coord   ali coord   env coord
# target name                      accession   tlen query name           accession   qlen   E-value  score  bias   #  of  c-Evalue  i-Evalue  score  bias  from    to  from    to  from    to  acc description of target
#              ------------------- ---------- ----- -------------------- ---------- ----- --------- ------ ----- --- --- --------- --------- ------ ----- ----- ----- ----- ----- ----- ----- ---- ---------------------
NZ_CADHBV010000019.1:13143-14411|- -            423 1093223at2           -            361   5.9e-56  186.9   0.0   1   1   4.2e-58   1.3e-55  185.7   0.0    39   356    56   420     3   422 0.75 NZ_CADHBV010000019.1_14 # 13143 # 14411 # -1 # ID=19_14;partial=00;start_type=ATG;rbs_motif=GGA/GAG/AGG;rbs_spacer=5-10bp;gc_cont=0.366
NZ_CADHBV010000003.1:45064-46407|- -            448 1093223at2           -            361   2.4e-19   66.4   0.1   1   2   1.1e-09   3.5e-07   26.4   0.0    57    97    48    91    20   110 0.76 NZ_CADHBV010000003.1_38 # 45064 # 46407 # -1 # ID=3_38;partial=00;start_type=ATG;rbs_motif=GGA/GAG/AGG;rbs_spacer=5-10bp;gc_cont=0.380
NZ_CADHBV010000003.1:45064-46407|- -            448 1093223at2           -            361   2.4e-19   66.4   0.1   2   2   4.8e-13   1.5e-10   37.5   0.0   118   284   137   341   125   372 0.69 NZ_CADHBV010000003.1_38 # 45064 # 46407 # -1 # ID=3_38;partial=00;start_type=ATG;rbs_motif=GGA/GAG/AGG;rbs_spacer=5-10bp;gc_cont=0.380
NZ_CADHBV010000002.1:93460-94941|+ -            494 1093223at2           -            361   6.6e-11   38.7   0.1   1   2   3.3e-06     0.001   15.0   0.0    70    98   165   193   142   200 0.82 NZ_CADHBV010000002.1_81 # 93460 # 94941 # 1 # ID=2_81;partial=00;start_type=ATG;rbs_motif=GGAG/GAGG;rbs_spacer=5-10bp;gc_cont=0.383
NZ_CADHBV010000002.1:93460-94941|+ -            494 1093223at2           -            361   6.6e-11   38.7   0.1   2   2     6e-08   1.9e-05   20.7   0.0   129   260   243   393   241   397 0.76 NZ_CADHBV010000002.1_81 # 93460 # 94941 # 1 # ID=2_81;partial=00;start_type=ATG;rbs_motif=GGAG/GAGG;rbs_spacer=5-10bp;gc_cont=0.383
NZ_CADHBV010000016.1:27725-29074|+ -            450 1093223at2           -            361   3.1e-10   36.5   0.0   1   1   1.9e-12   5.8e-10   35.6   0.0    39   255    74   319    51   338 0.70 NZ_CADHBV010000016.1_29 # 27725 # 29074 # 1 # ID=16_29;partial=00;start_type=ATG;rbs_motif=GGA/GAG/AGG;rbs_spacer=5-10bp;gc_cont=0.376
NZ_CADHBV010000005.1:74641-75810|+ -            390 1093223at2           -            361   0.00049   16.1   0.0   1   2   2.7e-05    0.0084   12.0   0.0    59   101    26    70    14    96 0.85 NZ_CADHBV010000005.1_72 # 74641 # 75810 # 1 # ID=5_72;partial=00;start_type=ATG;rbs_motif=GGA/GAG/AGG;rbs_spacer=5-10bp;gc_cont=0.384
NZ_CADHBV010000005.1:74641-75810|+ -            390 1093223at2           -            361   0.00049   16.1   0.0   2   2      0.03       9.5    2.0   0.0   129   268   150   292   123   347 0.63 NZ_CADHBV010000005.1_72 # 74641 # 75810 # 1 # ID=5_72;partial=00;start_type=ATG;rbs_motif=GGA/GAG/AGG;rbs_spacer=5-10bp;gc_cont=0.384
#
# Program:         hmmsearch
# Version:         3.4 (Aug 2023)
# Pipeline mode:   SEARCH
# Query file:      /Users/kenny/BMMB852/Week02/Makefile/busco_downloads/lineages/bacteria_odb10/hmms/1093223at2.hmm
# Target file:     /Users/kenny/BMMB852/Week02/Makefile/hpylori_busco/prodigal_output/predicted_genes/predicted.faa
# Option settings: hmmsearch --domtblout /Users/kenny/BMMB852/Week02/Makefile/hpylori_busco/run_bacteria_odb10/hmmer_output/1093223at2.out --cpu 1 /Users/kenny/BMMB852/Week02/Makefile/busco_downloads/lineages/bacteria_odb10/hmms/1093223at2.hmm /Users/kenny/BMMB852/Week02/Makefile/hpylori_busco/prodigal_output/predicted_genes/predicted.faa 
# Current dir:     /Users/kenny/BMMB852/Week02/Makefile
# Date:            Thu Sep  3 14:18:38 2026
# [ok]
