#                                                                                            --- full sequence --- -------------- this domain -------------   hmm coord   ali coord   env coord
# target name                        accession   tlen query name           accession   qlen   E-value  score  bias   #  of  c-Evalue  i-Evalue  score  bias  from    to  from    to  from    to  acc description of target
#                ------------------- ---------- ----- -------------------- ---------- ----- --------- ------ ----- --- --- --------- --------- ------ ----- ----- ----- ----- ----- ----- ----- ---- ---------------------
NZ_CADHBV010000021.1:9288-11087|-    -            600 143460at2            -            439  1.9e-156  517.7   0.2   1   2   3.4e-84   1.1e-81  271.4   0.3     1   207     4   258     4   267 0.86 NZ_CADHBV010000021.1_10 # 9288 # 11087 # -1 # ID=21_10;partial=00;start_type=ATG;rbs_motif=AGGA;rbs_spacer=5-10bp;gc_cont=0.433
NZ_CADHBV010000021.1:9288-11087|-    -            600 143460at2            -            439  1.9e-156  517.7   0.2   2   2   1.2e-74   3.8e-72  239.9   0.0   194   439   267   587   260   587 0.85 NZ_CADHBV010000021.1_10 # 9288 # 11087 # -1 # ID=21_10;partial=00;start_type=ATG;rbs_motif=AGGA;rbs_spacer=5-10bp;gc_cont=0.433
NZ_CADHBV010000001.1:367903-369711|+ -            603 143460at2            -            439   8.1e-40  133.3   3.4   1   4   2.2e-40   6.8e-38  127.0   0.2     1   191    10   231    10   242 0.81 NZ_CADHBV010000001.1_343 # 367903 # 369711 # 1 # ID=1_343;partial=00;start_type=ATG;rbs_motif=AGGA;rbs_spacer=5-10bp;gc_cont=0.422
NZ_CADHBV010000001.1:367903-369711|+ -            603 143460at2            -            439   8.1e-40  133.3   3.4   2   4     0.003      0.93    4.6   0.0   252   307   333   390   323   396 0.83 NZ_CADHBV010000001.1_343 # 367903 # 369711 # 1 # ID=1_343;partial=00;start_type=ATG;rbs_motif=AGGA;rbs_spacer=5-10bp;gc_cont=0.422
NZ_CADHBV010000001.1:367903-369711|+ -            603 143460at2            -            439   8.1e-40  133.3   3.4   3   4     0.071        22    0.1   0.0   290   334   407   451   397   471 0.80 NZ_CADHBV010000001.1_343 # 367903 # 369711 # 1 # ID=1_343;partial=00;start_type=ATG;rbs_motif=AGGA;rbs_spacer=5-10bp;gc_cont=0.422
NZ_CADHBV010000001.1:367903-369711|+ -            603 143460at2            -            439   8.1e-40  133.3   3.4   4   4      0.53   1.7e+02   -2.8   0.0   114   166   491   541   486   566 0.66 NZ_CADHBV010000001.1_343 # 367903 # 369711 # 1 # ID=1_343;partial=00;start_type=ATG;rbs_motif=AGGA;rbs_spacer=5-10bp;gc_cont=0.422
NZ_CADHBV010000010.1:53832-55910|+   -            693 143460at2            -            439   2.7e-34  115.1   2.3   1   3   5.1e-28   1.6e-25   86.2   0.1     1   119    10   146    10   171 0.85 NZ_CADHBV010000010.1_50 # 53832 # 55910 # 1 # ID=10_50;partial=00;start_type=ATG;rbs_motif=GGAG/GAGG;rbs_spacer=5-10bp;gc_cont=0.453
NZ_CADHBV010000010.1:53832-55910|+   -            693 143460at2            -            439   2.7e-34  115.1   2.3   2   3   1.3e-06    0.0004   15.7   0.2   182   296   358   483   297   503 0.68 NZ_CADHBV010000010.1_50 # 53832 # 55910 # 1 # ID=10_50;partial=00;start_type=ATG;rbs_motif=GGAG/GAGG;rbs_spacer=5-10bp;gc_cont=0.453
NZ_CADHBV010000010.1:53832-55910|+   -            693 143460at2            -            439   2.7e-34  115.1   2.3   3   3   0.00047      0.15    7.3   0.0   291   347   603   668   599   676 0.76 NZ_CADHBV010000010.1_50 # 53832 # 55910 # 1 # ID=10_50;partial=00;start_type=ATG;rbs_motif=GGAG/GAGG;rbs_spacer=5-10bp;gc_cont=0.453
NZ_CADHBV010000010.1:39344-40543|+   -            400 143460at2            -            439   5.7e-20   67.9   0.9   1   2   6.1e-21   1.9e-18   62.9   0.1     3   121    14   149    12   182 0.74 NZ_CADHBV010000010.1_39 # 39344 # 40543 # 1 # ID=10_39;partial=00;start_type=ATG;rbs_motif=AGGAG;rbs_spacer=5-10bp;gc_cont=0.434
NZ_CADHBV010000010.1:39344-40543|+   -            400 143460at2            -            439   5.7e-20   67.9   0.9   2   2    0.0051       1.6    3.8   0.0   169   193   229   253   191   265 0.78 NZ_CADHBV010000010.1_39 # 39344 # 40543 # 1 # ID=10_39;partial=00;start_type=ATG;rbs_motif=AGGAG;rbs_spacer=5-10bp;gc_cont=0.434
NZ_CADHBV010000001.1:412390-415230|+ -            947 143460at2            -            439     3e-14   49.1   0.6   1   2   9.6e-17     3e-14   49.1   0.6     4   116   450   562   448   698 0.78 NZ_CADHBV010000001.1_387 # 412390 # 415230 # 1 # ID=1_387;partial=00;start_type=ATG;rbs_motif=AGGAG/GGAGG;rbs_spacer=11-12bp;gc_cont=0.415
NZ_CADHBV010000001.1:412390-415230|+ -            947 143460at2            -            439     3e-14   49.1   0.6   2   2      0.42   1.3e+02   -2.5   0.1   113   200   807   900   799   905 0.58 NZ_CADHBV010000001.1_387 # 412390 # 415230 # 1 # ID=1_387;partial=00;start_type=ATG;rbs_motif=AGGAG/GGAGG;rbs_spacer=11-12bp;gc_cont=0.415
#
# Program:         hmmsearch
# Version:         3.4 (Aug 2023)
# Pipeline mode:   SEARCH
# Query file:      /Users/kenny/BMMB852/Week02/Makefile/busco_downloads/lineages/bacteria_odb10/hmms/143460at2.hmm
# Target file:     /Users/kenny/BMMB852/Week02/Makefile/hpylori_busco/prodigal_output/predicted_genes/predicted.faa
# Option settings: hmmsearch --domtblout /Users/kenny/BMMB852/Week02/Makefile/hpylori_busco/run_bacteria_odb10/hmmer_output/143460at2.out --cpu 1 /Users/kenny/BMMB852/Week02/Makefile/busco_downloads/lineages/bacteria_odb10/hmms/143460at2.hmm /Users/kenny/BMMB852/Week02/Makefile/hpylori_busco/prodigal_output/predicted_genes/predicted.faa 
# Current dir:     /Users/kenny/BMMB852/Week02/Makefile
# Date:            Thu Sep  3 14:18:39 2026
# [ok]
