#                                                                                            --- full sequence --- -------------- this domain -------------   hmm coord   ali coord   env coord
# target name                        accession   tlen query name           accession   qlen   E-value  score  bias   #  of  c-Evalue  i-Evalue  score  bias  from    to  from    to  from    to  acc description of target
#                ------------------- ---------- ----- -------------------- ---------- ----- --------- ------ ----- --- --- --------- --------- ------ ----- ----- ----- ----- ----- ----- ----- ---- ---------------------
NZ_CADHBV010000004.1:54542-55927|-   -            462 1592033at2           -            393   1.4e-26   90.0   0.4   1   2   9.8e-18   1.9e-15   53.3   0.1   191   370     5   186     2   193 0.84 NZ_CADHBV010000004.1_54 # 54542 # 55927 # -1 # ID=4_54;partial=00;start_type=ATG;rbs_motif=None;rbs_spacer=None;gc_cont=0.402
NZ_CADHBV010000004.1:54542-55927|-   -            462 1592033at2           -            393   1.4e-26   90.0   0.4   2   2   1.6e-12   3.2e-10   36.1   0.1   180   350   185   367   170   390 0.76 NZ_CADHBV010000004.1_54 # 54542 # 55927 # -1 # ID=4_54;partial=00;start_type=ATG;rbs_motif=None;rbs_spacer=None;gc_cont=0.402
NZ_CADHBV010000003.1:92003-93355|-   -            451 1592033at2           -            393   6.9e-13   44.9   1.4   1   1     5e-15   9.8e-13   44.4   1.4   188   360   207   385   183   415 0.70 NZ_CADHBV010000003.1_81 # 92003 # 93355 # -1 # ID=3_81;partial=00;start_type=ATG;rbs_motif=None;rbs_spacer=None;gc_cont=0.392
NZ_CADHBV010000001.1:291050-292132|+ -            361 1592033at2           -            393   1.2e-09   34.2   0.0   1   1   9.4e-12   1.8e-09   33.6   0.0   194   322   156   289   146   308 0.86 NZ_CADHBV010000001.1_267 # 291050 # 292132 # 1 # ID=1_267;partial=00;start_type=GTG;rbs_motif=GGA/GAG/AGG;rbs_spacer=5-10bp;gc_cont=0.440
NZ_CADHBV010000006.1:9113-10018|+    -            302 1592033at2           -            393   4.3e-08   29.1   0.4   1   2   3.6e-07   7.1e-05   18.5   0.0   196   224     7    36     2    65 0.85 NZ_CADHBV010000006.1_10 # 9113 # 10018 # 1 # ID=6_10;partial=00;start_type=ATG;rbs_motif=None;rbs_spacer=None;gc_cont=0.382
NZ_CADHBV010000006.1:9113-10018|+    -            302 1592033at2           -            393   4.3e-08   29.1   0.4   2   2   0.00035     0.069    8.7   0.1   304   352   114   173    98   199 0.76 NZ_CADHBV010000006.1_10 # 9113 # 10018 # 1 # ID=6_10;partial=00;start_type=ATG;rbs_motif=None;rbs_spacer=None;gc_cont=0.382
NZ_CADHBV010000006.1:28480-29580|-   -            367 1592033at2           -            393   6.2e-06   22.0   3.5   1   2   1.2e-07   2.3e-05   20.1   0.0   196   240     4    49     2    57 0.89 NZ_CADHBV010000006.1_32 # 28480 # 29580 # -1 # ID=6_32;partial=00;start_type=ATG;rbs_motif=GGA/GAG/AGG;rbs_spacer=5-10bp;gc_cont=0.410
NZ_CADHBV010000006.1:28480-29580|-   -            367 1592033at2           -            393   6.2e-06   22.0   3.5   2   2     0.049       9.7    1.6   1.0   269   352    94   174    89   212 0.52 NZ_CADHBV010000006.1_32 # 28480 # 29580 # -1 # ID=6_32;partial=00;start_type=ATG;rbs_motif=GGA/GAG/AGG;rbs_spacer=5-10bp;gc_cont=0.410
NZ_CADHBV010000002.1:36583-38511|-   -            643 1592033at2           -            393   6.8e-06   21.9   2.9   1   2   3.5e-08   6.8e-06   21.9   2.9   195   369     4   187     2   212 0.71 NZ_CADHBV010000002.1_30 # 36583 # 38511 # -1 # ID=2_30;partial=00;start_type=ATG;rbs_motif=AGGA/GGAG/GAGG;rbs_spacer=11-12bp;gc_cont=0.395
NZ_CADHBV010000002.1:36583-38511|-   -            643 1592033at2           -            393   6.8e-06   21.9   2.9   2   2      0.97   1.9e+02   -2.7   0.3    11   348   484   511   469   519 0.53 NZ_CADHBV010000002.1_30 # 36583 # 38511 # -1 # ID=2_30;partial=00;start_type=ATG;rbs_motif=AGGA/GGAG/GAGG;rbs_spacer=11-12bp;gc_cont=0.395
NZ_CADHBV010000005.1:49569-50195|+   -            209 1592033at2           -            393   0.00026   16.6   1.2   1   2   0.00065      0.13    7.8   0.3   198   218    28    48    22    55 0.83 NZ_CADHBV010000005.1_50 # 49569 # 50195 # 1 # ID=5_50;partial=00;start_type=ATG;rbs_motif=GGA/GAG/AGG;rbs_spacer=5-10bp;gc_cont=0.384
NZ_CADHBV010000005.1:49569-50195|+   -            209 1592033at2           -            393   0.00026   16.6   1.2   2   2   0.00067      0.13    7.8   0.0   274   329   116   167   107   186 0.85 NZ_CADHBV010000005.1_50 # 49569 # 50195 # 1 # ID=5_50;partial=00;start_type=ATG;rbs_motif=GGA/GAG/AGG;rbs_spacer=5-10bp;gc_cont=0.384
NZ_CADHBV010000002.1:98443-98907|-   -            155 1592033at2           -            393    0.0017   14.0   0.0   1   1   1.1e-05    0.0022   13.6   0.0   189   220    40    71    29   119 0.87 NZ_CADHBV010000002.1_86 # 98443 # 98907 # -1 # ID=2_86;partial=00;start_type=ATG;rbs_motif=GGA/GAG/AGG;rbs_spacer=5-10bp;gc_cont=0.396
#
# Program:         hmmsearch
# Version:         3.4 (Aug 2023)
# Pipeline mode:   SEARCH
# Query file:      /Users/kenny/BMMB852/Week02/Makefile/busco_downloads/lineages/bacteria_odb10/hmms/1592033at2.hmm
# Target file:     /Users/kenny/BMMB852/Week02/Makefile/hpylori_busco/prodigal_output/predicted_genes/predicted.faa
# Option settings: hmmsearch --domtblout /Users/kenny/BMMB852/Week02/Makefile/hpylori_busco/run_bacteria_odb10/hmmer_output/1592033at2.out --cpu 1 /Users/kenny/BMMB852/Week02/Makefile/busco_downloads/lineages/bacteria_odb10/hmms/1592033at2.hmm /Users/kenny/BMMB852/Week02/Makefile/hpylori_busco/prodigal_output/predicted_genes/predicted.faa 
# Current dir:     /Users/kenny/BMMB852/Week02/Makefile
# Date:            Thu Sep  3 14:18:39 2026
# [ok]
