#                                                                                          --- full sequence --- -------------- this domain -------------   hmm coord   ali coord   env coord
# target name                      accession   tlen query name           accession   qlen   E-value  score  bias   #  of  c-Evalue  i-Evalue  score  bias  from    to  from    to  from    to  acc description of target
#              ------------------- ---------- ----- -------------------- ---------- ----- --------- ------ ----- --- --- --------- --------- ------ ----- ----- ----- ----- ----- ----- ----- ---- ---------------------
NZ_CADHBV010000004.1:76990-77592|+ -            201 1827334at2           -             97   1.1e-18   63.7   0.0   1   2     2e-18   4.4e-16   55.3   0.0     2    70    11    88    10    96 0.86 NZ_CADHBV010000004.1_78 # 76990 # 77592 # 1 # ID=4_78;partial=00;start_type=ATG;rbs_motif=None;rbs_spacer=None;gc_cont=0.380
NZ_CADHBV010000004.1:76990-77592|+ -            201 1827334at2           -             97   1.1e-18   63.7   0.0   2   2    0.0043      0.97    6.1   0.0    70    84   124   143   119   172 0.73 NZ_CADHBV010000004.1_78 # 76990 # 77592 # 1 # ID=4_78;partial=00;start_type=ATG;rbs_motif=None;rbs_spacer=None;gc_cont=0.380
NZ_CADHBV010000003.1:40814-41815|- -            334 1827334at2           -             97   1.5e-06   24.8   0.1   1   2    0.0037      0.82    6.4   0.0    31    50    29    48    24    70 0.84 NZ_CADHBV010000003.1_33 # 40814 # 41815 # -1 # ID=3_33;partial=00;start_type=GTG;rbs_motif=GGA/GAG/AGG;rbs_spacer=5-10bp;gc_cont=0.312
NZ_CADHBV010000003.1:40814-41815|- -            334 1827334at2           -             97   1.5e-06   24.8   0.1   2   2   3.6e-06   0.00081   16.0   0.0    59    84   184   219   171   232 0.71 NZ_CADHBV010000003.1_33 # 40814 # 41815 # -1 # ID=3_33;partial=00;start_type=GTG;rbs_motif=GGA/GAG/AGG;rbs_spacer=5-10bp;gc_cont=0.312
NZ_CADHBV010000010.1:35038-36027|+ -            330 1827334at2           -             97     0.001   15.7   0.1   1   2     0.027         6    3.6   0.0    36    48    31    43    22    62 0.79 NZ_CADHBV010000010.1_36 # 35038 # 36027 # 1 # ID=10_36;partial=00;start_type=ATG;rbs_motif=None;rbs_spacer=None;gc_cont=0.383
NZ_CADHBV010000010.1:35038-36027|+ -            330 1827334at2           -             97     0.001   15.7   0.1   2   2   0.00046       0.1    9.3   0.0    51    84   183   219   179   232 0.76 NZ_CADHBV010000010.1_36 # 35038 # 36027 # 1 # ID=10_36;partial=00;start_type=ATG;rbs_motif=None;rbs_spacer=None;gc_cont=0.383
NZ_CADHBV010000001.1:17006-17704|- -            233 1827334at2           -             97     0.001   15.7   0.0   1   2   0.00011     0.025   11.2   0.0    65    87    15    37     4    48 0.78 NZ_CADHBV010000001.1_19 # 17006 # 17704 # -1 # ID=1_19;partial=00;start_type=ATG;rbs_motif=None;rbs_spacer=None;gc_cont=0.393
NZ_CADHBV010000001.1:17006-17704|- -            233 1827334at2           -             97     0.001   15.7   0.0   2   2      0.11        24    1.7   0.0    36    50   191   205   178   228 0.78 NZ_CADHBV010000001.1_19 # 17006 # 17704 # -1 # ID=1_19;partial=00;start_type=ATG;rbs_motif=None;rbs_spacer=None;gc_cont=0.393
NZ_CADHBV010000006.1:53575-55443|+ -            623 1827334at2           -             97    0.0037   13.9   0.1   1   2    0.0033      0.75    6.5   0.0    72    91   121   140   108   147 0.82 NZ_CADHBV010000006.1_57 # 53575 # 55443 # 1 # ID=6_57;partial=00;start_type=ATG;rbs_motif=AGGA;rbs_spacer=5-10bp;gc_cont=0.366
NZ_CADHBV010000006.1:53575-55443|+ -            623 1827334at2           -             97    0.0037   13.9   0.1   2   2     0.017       3.9    4.2   0.0    35    69   425   464   416   471 0.66 NZ_CADHBV010000006.1_57 # 53575 # 55443 # 1 # ID=6_57;partial=00;start_type=ATG;rbs_motif=AGGA;rbs_spacer=5-10bp;gc_cont=0.366
NZ_CADHBV010000003.1:10957-12327|+ -            457 1827334at2           -             97     0.012   12.2   0.1   1   2    0.0023      0.52    7.0   0.0    72    91   111   130    95   136 0.76 NZ_CADHBV010000003.1_11 # 10957 # 12327 # 1 # ID=3_11;partial=00;start_type=ATG;rbs_motif=AGGA;rbs_spacer=5-10bp;gc_cont=0.333
NZ_CADHBV010000003.1:10957-12327|+ -            457 1827334at2           -             97     0.012   12.2   0.1   2   2     0.081        18    2.1   0.0    36    49   421   434   417   444 0.81 NZ_CADHBV010000003.1_11 # 10957 # 12327 # 1 # ID=3_11;partial=00;start_type=ATG;rbs_motif=AGGA;rbs_spacer=5-10bp;gc_cont=0.333
NZ_CADHBV010000007.1:22119-23606|- -            496 1827334at2           -             97     0.015   12.0   0.2   1   3       6.6   1.5e+03   -4.1   0.0    24    36    71    83    68    94 0.75 NZ_CADHBV010000007.1_19 # 22119 # 23606 # -1 # ID=7_19;partial=00;start_type=ATG;rbs_motif=AGGAG;rbs_spacer=5-10bp;gc_cont=0.350
NZ_CADHBV010000007.1:22119-23606|- -            496 1827334at2           -             97     0.015   12.0   0.2   2   3       1.2   2.7e+02   -1.7   0.0    60    89   309   338   304   343 0.81 NZ_CADHBV010000007.1_19 # 22119 # 23606 # -1 # ID=7_19;partial=00;start_type=ATG;rbs_motif=AGGAG;rbs_spacer=5-10bp;gc_cont=0.350
NZ_CADHBV010000007.1:22119-23606|- -            496 1827334at2           -             97     0.015   12.0   0.2   3   3   0.00035     0.079    9.6   0.0    71    93   400   422   389   426 0.85 NZ_CADHBV010000007.1_19 # 22119 # 23606 # -1 # ID=7_19;partial=00;start_type=ATG;rbs_motif=AGGAG;rbs_spacer=5-10bp;gc_cont=0.350
#
# Program:         hmmsearch
# Version:         3.4 (Aug 2023)
# Pipeline mode:   SEARCH
# Query file:      /Users/kenny/BMMB852/Week02/Makefile/busco_downloads/lineages/bacteria_odb10/hmms/1827334at2.hmm
# Target file:     /Users/kenny/BMMB852/Week02/Makefile/hpylori_busco/prodigal_output/predicted_genes/predicted.faa
# Option settings: hmmsearch --domtblout /Users/kenny/BMMB852/Week02/Makefile/hpylori_busco/run_bacteria_odb10/hmmer_output/1827334at2.out --cpu 1 /Users/kenny/BMMB852/Week02/Makefile/busco_downloads/lineages/bacteria_odb10/hmms/1827334at2.hmm /Users/kenny/BMMB852/Week02/Makefile/hpylori_busco/prodigal_output/predicted_genes/predicted.faa 
# Current dir:     /Users/kenny/BMMB852/Week02/Makefile
# Date:            Thu Sep  3 14:18:40 2026
# [ok]
