#                                                                                            --- full sequence --- -------------- this domain -------------   hmm coord   ali coord   env coord
# target name                        accession   tlen query name           accession   qlen   E-value  score  bias   #  of  c-Evalue  i-Evalue  score  bias  from    to  from    to  from    to  acc description of target
#                ------------------- ---------- ----- -------------------- ---------- ----- --------- ------ ----- --- --- --------- --------- ------ ----- ----- ----- ----- ----- ----- ----- ---- ---------------------
NZ_CADHBV010000002.1:70518-70919|-   -            134 1827295at2           -             74   5.2e-13   45.3   0.2   1   1     2e-14   2.7e-12   43.0   0.2     8    73    17    99     6   100 0.73 NZ_CADHBV010000002.1_59 # 70518 # 70919 # -1 # ID=2_59;partial=00;start_type=ATG;rbs_motif=GGA/GAG/AGG;rbs_spacer=5-10bp;gc_cont=0.398
NZ_CADHBV010000004.1:41630-43231|+   -            534 1827295at2           -             74   0.00033   17.1   0.0   1   2     0.011       1.5    5.4   0.0    11    32    30    51    12    58 0.81 NZ_CADHBV010000004.1_40 # 41630 # 43231 # 1 # ID=4_40;partial=00;start_type=ATG;rbs_motif=AGGA;rbs_spacer=5-10bp;gc_cont=0.420
NZ_CADHBV010000004.1:41630-43231|+   -            534 1827295at2           -             74   0.00033   17.1   0.0   2   2   0.00098      0.13    8.8   0.0     9    33   348   372   336   375 0.84 NZ_CADHBV010000004.1_40 # 41630 # 43231 # 1 # ID=4_40;partial=00;start_type=ATG;rbs_motif=AGGA;rbs_spacer=5-10bp;gc_cont=0.420
NZ_CADHBV010000001.1:884-3109|+      -            742 1827295at2           -             74    0.0011   15.4   0.0   1   2    0.0049      0.64    6.5   0.0    12    37   201   225   189   240 0.78 NZ_CADHBV010000001.1_4 # 884 # 3109 # 1 # ID=1_4;partial=00;start_type=ATG;rbs_motif=GGA/GAG/AGG;rbs_spacer=5-10bp;gc_cont=0.396
NZ_CADHBV010000001.1:884-3109|+      -            742 1827295at2           -             74    0.0011   15.4   0.0   2   2    0.0069       0.9    6.1   0.0    11    33   479   501   467   505 0.87 NZ_CADHBV010000001.1_4 # 884 # 3109 # 1 # ID=1_4;partial=00;start_type=ATG;rbs_motif=GGA/GAG/AGG;rbs_spacer=5-10bp;gc_cont=0.396
NZ_CADHBV010000007.1:14995-16335|+   -            447 1827295at2           -             74    0.0016   14.9   0.0   1   1   2.7e-05    0.0036   13.8   0.0     8    33   142   167   130   173 0.83 NZ_CADHBV010000007.1_14 # 14995 # 16335 # 1 # ID=7_14;partial=00;start_type=ATG;rbs_motif=GGAG/GAGG;rbs_spacer=5-10bp;gc_cont=0.413
NZ_CADHBV010000001.1:303576-304196|- -            207 1827295at2           -             74    0.0023   14.4   0.0   1   1   4.2e-05    0.0055   13.2   0.0     9    32     6    29     1    37 0.86 NZ_CADHBV010000001.1_281 # 303576 # 304196 # -1 # ID=1_281;partial=00;start_type=ATG;rbs_motif=AGGA/GGAG/GAGG;rbs_spacer=11-12bp;gc_cont=0.378
NZ_CADHBV010000001.1:242782-245352|+ -            857 1827295at2           -             74    0.0044   13.5   0.0   1   2    0.0098       1.3    5.6   0.0    12    32   201   222   188   229 0.83 NZ_CADHBV010000001.1_228 # 242782 # 245352 # 1 # ID=1_228;partial=00;start_type=ATG;rbs_motif=AGGA;rbs_spacer=5-10bp;gc_cont=0.414
NZ_CADHBV010000001.1:242782-245352|+ -            857 1827295at2           -             74    0.0044   13.5   0.0   2   2     0.014       1.8    5.1   0.0    11    32   601   622   583   626 0.86 NZ_CADHBV010000001.1_228 # 242782 # 245352 # 1 # ID=1_228;partial=00;start_type=ATG;rbs_motif=AGGA;rbs_spacer=5-10bp;gc_cont=0.414
NZ_CADHBV010000001.1:470011-470808|+ -            266 1827295at2           -             74    0.0077   12.7   0.0   1   1   0.00011     0.015   11.8   0.0     8    38    27    56    15    68 0.80 NZ_CADHBV010000001.1_439 # 470011 # 470808 # 1 # ID=1_439;partial=00;start_type=ATG;rbs_motif=None;rbs_spacer=None;gc_cont=0.386
NZ_CADHBV010000008.1:87-1175|-       -            363 1827295at2           -             74      0.01   12.3   0.0   1   1   0.00018     0.023   11.2   0.0     9    35    31    57    19    60 0.84 NZ_CADHBV010000008.1_1 # 87 # 1175 # -1 # ID=8_1;partial=00;start_type=ATG;rbs_motif=AGGA;rbs_spacer=5-10bp;gc_cont=0.383
NZ_CADHBV010000002.1:102439-103110|+ -            224 1827295at2           -             74     0.011   12.2   0.0   1   1   0.00016     0.021   11.3   0.0     6    38    28    59    20    69 0.78 NZ_CADHBV010000002.1_90 # 102439 # 103110 # 1 # ID=2_90;partial=00;start_type=ATG;rbs_motif=GGA/GAG/AGG;rbs_spacer=5-10bp;gc_cont=0.414
NZ_CADHBV010000001.1:428417-429793|+ -            459 1827295at2           -             74     0.011   12.2   0.0   1   1   0.00021     0.027   11.0   0.0     9    35   256   281   246   309 0.78 NZ_CADHBV010000001.1_400 # 428417 # 429793 # 1 # ID=1_400;partial=00;start_type=GTG;rbs_motif=GGA/GAG/AGG;rbs_spacer=5-10bp;gc_cont=0.393
NZ_CADHBV010000007.1:9549-12026|-    -            826 1827295at2           -             74     0.012   12.1   0.0   1   2       2.6   3.3e+02   -2.2   0.0    48    64   320   336   316   345 0.75 NZ_CADHBV010000007.1_8 # 9549 # 12026 # -1 # ID=7_8;partial=00;start_type=ATG;rbs_motif=GGA/GAG/AGG;rbs_spacer=5-10bp;gc_cont=0.414
NZ_CADHBV010000007.1:9549-12026|-    -            826 1827295at2           -             74     0.012   12.1   0.0   2   2   0.00032     0.041   10.4   0.0     8    33   357   385   339   388 0.83 NZ_CADHBV010000007.1_8 # 9549 # 12026 # -1 # ID=7_8;partial=00;start_type=ATG;rbs_motif=GGA/GAG/AGG;rbs_spacer=5-10bp;gc_cont=0.414
NZ_CADHBV010000012.1:42224-43570|+   -            449 1827295at2           -             74     0.019   11.5   0.1   1   1   0.00036     0.047   10.2   0.1     7    33    90   119    61   123 0.88 NZ_CADHBV010000012.1_35 # 42224 # 43570 # 1 # ID=12_35;partial=00;start_type=ATG;rbs_motif=AGGA;rbs_spacer=5-10bp;gc_cont=0.415
#
# Program:         hmmsearch
# Version:         3.4 (Aug 2023)
# Pipeline mode:   SEARCH
# Query file:      /Users/kenny/BMMB852/Week02/Makefile/busco_downloads/lineages/bacteria_odb10/hmms/1827295at2.hmm
# Target file:     /Users/kenny/BMMB852/Week02/Makefile/hpylori_busco/prodigal_output/predicted_genes/predicted.faa
# Option settings: hmmsearch --domtblout /Users/kenny/BMMB852/Week02/Makefile/hpylori_busco/run_bacteria_odb10/hmmer_output/1827295at2.out --cpu 1 /Users/kenny/BMMB852/Week02/Makefile/busco_downloads/lineages/bacteria_odb10/hmms/1827295at2.hmm /Users/kenny/BMMB852/Week02/Makefile/hpylori_busco/prodigal_output/predicted_genes/predicted.faa 
# Current dir:     /Users/kenny/BMMB852/Week02/Makefile
# Date:            Thu Sep  3 14:18:40 2026
# [ok]
