#                                                                                            --- full sequence --- -------------- this domain -------------   hmm coord   ali coord   env coord
# target name                        accession   tlen query name           accession   qlen   E-value  score  bias   #  of  c-Evalue  i-Evalue  score  bias  from    to  from    to  from    to  acc description of target
#                ------------------- ---------- ----- -------------------- ---------- ----- --------- ------ ----- --- --- --------- --------- ------ ----- ----- ----- ----- ----- ----- ----- ---- ---------------------
NZ_CADHBV010000001.1:217545-219278|- -            578 665824at2            -            547  1.7e-187  621.1   0.0   1   1  4.7e-190  1.9e-187  620.9   0.0     3   535     3   564     1   577 0.95 NZ_CADHBV010000001.1_203 # 217545 # 219278 # -1 # ID=1_203;partial=00;start_type=ATG;rbs_motif=GGAG/GAGG;rbs_spacer=5-10bp;gc_cont=0.410
NZ_CADHBV010000001.1:106041-107879|+ -            613 665824at2            -            547   2.8e-30  102.1   0.1   1   2   3.7e-21   1.5e-18   63.5   0.0    36   192   236   391   230   408 0.88 NZ_CADHBV010000001.1_95 # 106041 # 107879 # 1 # ID=1_95;partial=00;start_type=ATG;rbs_motif=None;rbs_spacer=None;gc_cont=0.415
NZ_CADHBV010000001.1:106041-107879|+ -            613 665824at2            -            547   2.8e-30  102.1   0.1   2   2   7.3e-13   2.9e-10   36.1   0.0   393   543   459   607   444   610 0.83 NZ_CADHBV010000001.1_95 # 106041 # 107879 # 1 # ID=1_95;partial=00;start_type=ATG;rbs_motif=None;rbs_spacer=None;gc_cont=0.415
NZ_CADHBV010000003.1:58107-59354|+   -            416 665824at2            -            547   2.1e-11   39.9   0.0   1   2   4.7e-13   1.8e-10   36.7   0.0    40   208   165   333   153   338 0.88 NZ_CADHBV010000003.1_52 # 58107 # 59354 # 1 # ID=3_52;partial=00;start_type=ATG;rbs_motif=GGAG/GAGG;rbs_spacer=5-10bp;gc_cont=0.414
NZ_CADHBV010000003.1:58107-59354|+   -            416 665824at2            -            547   2.1e-11   39.9   0.0   2   2     0.042        16    0.6   0.0   409   446   371   409   352   412 0.63 NZ_CADHBV010000003.1_52 # 58107 # 59354 # 1 # ID=3_52;partial=00;start_type=ATG;rbs_motif=GGAG/GAGG;rbs_spacer=5-10bp;gc_cont=0.414
NZ_CADHBV010000024.1:1369-2697|+     -            443 665824at2            -            547    0.0023   13.3   0.0   1   2   0.00064      0.25    6.6   0.0    87   158    57   124    24   133 0.82 NZ_CADHBV010000024.1_3 # 1369 # 2697 # 1 # ID=24_3;partial=00;start_type=ATG;rbs_motif=AGGA;rbs_spacer=5-10bp;gc_cont=0.388
NZ_CADHBV010000024.1:1369-2697|+     -            443 665824at2            -            547    0.0023   13.3   0.0   2   2    0.0029       1.1    4.4   0.0   451   531   346   424   318   438 0.82 NZ_CADHBV010000024.1_3 # 1369 # 2697 # 1 # ID=24_3;partial=00;start_type=ATG;rbs_motif=AGGA;rbs_spacer=5-10bp;gc_cont=0.388
#
# Program:         hmmsearch
# Version:         3.4 (Aug 2023)
# Pipeline mode:   SEARCH
# Query file:      /Users/kenny/BMMB852/Week02/Makefile/busco_downloads/lineages/bacteria_odb10/hmms/665824at2.hmm
# Target file:     /Users/kenny/BMMB852/Week02/Makefile/hpylori_busco/prodigal_output/predicted_genes/predicted.faa
# Option settings: hmmsearch --domtblout /Users/kenny/BMMB852/Week02/Makefile/hpylori_busco/run_bacteria_odb10/hmmer_output/665824at2.out --cpu 1 /Users/kenny/BMMB852/Week02/Makefile/busco_downloads/lineages/bacteria_odb10/hmms/665824at2.hmm /Users/kenny/BMMB852/Week02/Makefile/hpylori_busco/prodigal_output/predicted_genes/predicted.faa 
# Current dir:     /Users/kenny/BMMB852/Week02/Makefile
# Date:            Thu Sep  3 14:18:42 2026
# [ok]
