#                                                                                          --- full sequence --- -------------- this domain -------------   hmm coord   ali coord   env coord
# target name                      accession   tlen query name           accession   qlen   E-value  score  bias   #  of  c-Evalue  i-Evalue  score  bias  from    to  from    to  from    to  acc description of target
#              ------------------- ---------- ----- -------------------- ---------- ----- --------- ------ ----- --- --- --------- --------- ------ ----- ----- ----- ----- ----- ----- ----- ---- ---------------------
NZ_CADHBV010000011.1:11434-13386|- -            651 761140at2            -            323   1.4e-40  136.2   9.6   1   3   1.5e-18   5.7e-16   55.3   0.1     2    67     3    74     2   129 0.79 NZ_CADHBV010000011.1_10 # 11434 # 13386 # -1 # ID=11_10;partial=00;start_type=ATG;rbs_motif=None;rbs_spacer=None;gc_cont=0.391
NZ_CADHBV010000011.1:11434-13386|- -            651 761140at2            -            323   1.4e-40  136.2   9.6   2   3     7e-22   2.7e-19   66.2   0.6   129   259   194   378   154   387 0.72 NZ_CADHBV010000011.1_10 # 11434 # 13386 # -1 # ID=11_10;partial=00;start_type=ATG;rbs_motif=None;rbs_spacer=None;gc_cont=0.391
NZ_CADHBV010000011.1:11434-13386|- -            651 761140at2            -            323   1.4e-40  136.2   9.6   3   3   7.6e-07    0.0003   16.8   0.3   236   317   390   480   379   484 0.73 NZ_CADHBV010000011.1_10 # 11434 # 13386 # -1 # ID=11_10;partial=00;start_type=ATG;rbs_motif=None;rbs_spacer=None;gc_cont=0.391
NZ_CADHBV010000018.1:11565-14327|- -            921 761140at2            -            323   2.1e-09   33.8   0.5   1   4   1.5e-07     6e-05   19.1   0.0     7    60    55   113    50   119 0.80 NZ_CADHBV010000018.1_16 # 11565 # 14327 # -1 # ID=18_16;partial=00;start_type=GTG;rbs_motif=AGGA;rbs_spacer=5-10bp;gc_cont=0.406
NZ_CADHBV010000018.1:11565-14327|- -            921 761140at2            -            323   2.1e-09   33.8   0.5   2   4       0.1        40   -0.0   0.0   128   150   455   478   439   480 0.83 NZ_CADHBV010000018.1_16 # 11565 # 14327 # -1 # ID=18_16;partial=00;start_type=GTG;rbs_motif=AGGA;rbs_spacer=5-10bp;gc_cont=0.406
NZ_CADHBV010000018.1:11565-14327|- -            921 761140at2            -            323   2.1e-09   33.8   0.5   3   4    0.0046       1.8    4.4   0.1   198   242   597   646   592   686 0.72 NZ_CADHBV010000018.1_16 # 11565 # 14327 # -1 # ID=18_16;partial=00;start_type=GTG;rbs_motif=AGGA;rbs_spacer=5-10bp;gc_cont=0.406
NZ_CADHBV010000018.1:11565-14327|- -            921 761140at2            -            323   2.1e-09   33.8   0.5   4   4    0.0048       1.9    4.3   0.0   272   309   747   781   695   787 0.74 NZ_CADHBV010000018.1_16 # 11565 # 14327 # -1 # ID=18_16;partial=00;start_type=GTG;rbs_motif=AGGA;rbs_spacer=5-10bp;gc_cont=0.406
NZ_CADHBV010000005.1:71722-74142|+ -            807 761140at2            -            323   2.5e-08   30.2   5.0   1   4   3.1e-09   1.2e-06   24.7   0.1     3    62    31    96    29   102 0.80 NZ_CADHBV010000005.1_70 # 71722 # 74142 # 1 # ID=5_70;partial=00;start_type=ATG;rbs_motif=GGA/GAG/AGG;rbs_spacer=5-10bp;gc_cont=0.403
NZ_CADHBV010000005.1:71722-74142|+ -            807 761140at2            -            323   2.5e-08   30.2   5.0   2   4     0.035        14    1.5   0.0   132   152   408   429   396   434 0.80 NZ_CADHBV010000005.1_70 # 71722 # 74142 # 1 # ID=5_70;partial=00;start_type=ATG;rbs_motif=GGA/GAG/AGG;rbs_spacer=5-10bp;gc_cont=0.403
NZ_CADHBV010000005.1:71722-74142|+ -            807 761140at2            -            323   2.5e-08   30.2   5.0   3   4      0.23        90   -1.2   0.2   205   216   570   581   569   582 0.89 NZ_CADHBV010000005.1_70 # 71722 # 74142 # 1 # ID=5_70;partial=00;start_type=ATG;rbs_motif=GGA/GAG/AGG;rbs_spacer=5-10bp;gc_cont=0.403
NZ_CADHBV010000005.1:71722-74142|+ -            807 761140at2            -            323   2.5e-08   30.2   5.0   4   4     0.011       4.4    3.1   0.1   261   309   674   723   646   734 0.67 NZ_CADHBV010000005.1_70 # 71722 # 74142 # 1 # ID=5_70;partial=00;start_type=ATG;rbs_motif=GGA/GAG/AGG;rbs_spacer=5-10bp;gc_cont=0.403
NZ_CADHBV010000012.1:39591-42209|+ -            873 761140at2            -            323     1e-07   28.2   0.4   1   4   6.5e-08   2.6e-05   20.3   0.0     1    35    40    75    40   106 0.79 NZ_CADHBV010000012.1_34 # 39591 # 42209 # 1 # ID=12_34;partial=00;start_type=ATG;rbs_motif=AGGA/GGAG/GAGG;rbs_spacer=11-12bp;gc_cont=0.397
NZ_CADHBV010000012.1:39591-42209|+ -            873 761140at2            -            323     1e-07   28.2   0.4   2   4       0.1        41   -0.0   0.0   124   151   388   416   364   430 0.85 NZ_CADHBV010000012.1_34 # 39591 # 42209 # 1 # ID=12_34;partial=00;start_type=ATG;rbs_motif=AGGA/GGAG/GAGG;rbs_spacer=11-12bp;gc_cont=0.397
NZ_CADHBV010000012.1:39591-42209|+ -            873 761140at2            -            323     1e-07   28.2   0.4   3   4      0.13        52   -0.4   0.0   205   215   529   539   523   542 0.91 NZ_CADHBV010000012.1_34 # 39591 # 42209 # 1 # ID=12_34;partial=00;start_type=ATG;rbs_motif=AGGA/GGAG/GAGG;rbs_spacer=11-12bp;gc_cont=0.397
NZ_CADHBV010000012.1:39591-42209|+ -            873 761140at2            -            323     1e-07   28.2   0.4   4   4     0.039        15    1.3   0.0   278   309   660   691   607   702 0.74 NZ_CADHBV010000012.1_34 # 39591 # 42209 # 1 # ID=12_34;partial=00;start_type=ATG;rbs_motif=AGGA/GGAG/GAGG;rbs_spacer=11-12bp;gc_cont=0.397
#
# Program:         hmmsearch
# Version:         3.4 (Aug 2023)
# Pipeline mode:   SEARCH
# Query file:      /Users/kenny/BMMB852/Week02/Makefile/busco_downloads/lineages/bacteria_odb10/hmms/761140at2.hmm
# Target file:     /Users/kenny/BMMB852/Week02/Makefile/hpylori_busco/prodigal_output/predicted_genes/predicted.faa
# Option settings: hmmsearch --domtblout /Users/kenny/BMMB852/Week02/Makefile/hpylori_busco/run_bacteria_odb10/hmmer_output/761140at2.out --cpu 1 /Users/kenny/BMMB852/Week02/Makefile/busco_downloads/lineages/bacteria_odb10/hmms/761140at2.hmm /Users/kenny/BMMB852/Week02/Makefile/hpylori_busco/prodigal_output/predicted_genes/predicted.faa 
# Current dir:     /Users/kenny/BMMB852/Week02/Makefile
# Date:            Thu Sep  3 14:18:42 2026
# [ok]
