#                                                                                            --- full sequence --- -------------- this domain -------------   hmm coord   ali coord   env coord
# target name                        accession   tlen query name           accession   qlen   E-value  score  bias   #  of  c-Evalue  i-Evalue  score  bias  from    to  from    to  from    to  acc description of target
#                ------------------- ---------- ----- -------------------- ---------- ----- --------- ------ ----- --- --- --------- --------- ------ ----- ----- ----- ----- ----- ----- ----- ---- ---------------------
NZ_CADHBV010000001.1:403423-404433|- -            337 874197at2            -            274  4.8e-112  370.1   0.1   1   1  7.2e-114    8e-112  369.4   0.1     2   273    19   318    18   319 0.89 NZ_CADHBV010000001.1_376 # 403423 # 404433 # -1 # ID=1_376;partial=00;start_type=ATG;rbs_motif=None;rbs_spacer=None;gc_cont=0.411
NZ_CADHBV010000001.1:435361-436536|- -            392 874197at2            -            274   2.3e-13   46.5   0.0   1   1   2.9e-15   3.3e-13   45.9   0.0     7   113    11   120     5   143 0.79 NZ_CADHBV010000001.1_409 # 435361 # 436536 # -1 # ID=1_409;partial=00;start_type=ATG;rbs_motif=None;rbs_spacer=None;gc_cont=0.410
NZ_CADHBV010000001.1:884-3109|+      -            742 874197at2            -            274   5.5e-08   28.8   0.1   1   3      0.01       1.1    4.8   0.0    36    59   198   221   183   232 0.85 NZ_CADHBV010000001.1_4 # 884 # 3109 # 1 # ID=1_4;partial=00;start_type=ATG;rbs_motif=GGA/GAG/AGG;rbs_spacer=5-10bp;gc_cont=0.396
NZ_CADHBV010000001.1:884-3109|+      -            742 874197at2            -            274   5.5e-08   28.8   0.1   2   3     0.021       2.4    3.8   0.0    77    99   257   281   238   284 0.79 NZ_CADHBV010000001.1_4 # 884 # 3109 # 1 # ID=1_4;partial=00;start_type=ATG;rbs_motif=GGA/GAG/AGG;rbs_spacer=5-10bp;gc_cont=0.396
NZ_CADHBV010000001.1:884-3109|+      -            742 874197at2            -            274   5.5e-08   28.8   0.1   3   3   6.2e-06    0.0007   15.4   0.0    16    80   457   521   441   525 0.81 NZ_CADHBV010000001.1_4 # 884 # 3109 # 1 # ID=1_4;partial=00;start_type=ATG;rbs_motif=GGA/GAG/AGG;rbs_spacer=5-10bp;gc_cont=0.396
NZ_CADHBV010000001.1:265527-267179|+ -            551 874197at2            -            274   1.1e-07   27.8   0.0   1   1   1.8e-09   2.1e-07   26.9   0.0     7    98   160   266   155   271 0.70 NZ_CADHBV010000001.1_250 # 265527 # 267179 # 1 # ID=1_250;partial=00;start_type=ATG;rbs_motif=AGGAG;rbs_spacer=5-10bp;gc_cont=0.390
NZ_CADHBV010000007.1:14995-16335|+   -            447 874197at2            -            274   7.3e-07   25.1   1.0   1   2   2.1e-08   2.4e-06   23.4   0.2    29    98   136   219   115   227 0.75 NZ_CADHBV010000007.1_14 # 14995 # 16335 # 1 # ID=7_14;partial=00;start_type=ATG;rbs_motif=GGAG/GAGG;rbs_spacer=5-10bp;gc_cont=0.413
NZ_CADHBV010000007.1:14995-16335|+   -            447 874197at2            -            274   7.3e-07   25.1   1.0   2   2      0.68        76   -1.2   0.0   103   119   398   414   363   429 0.71 NZ_CADHBV010000007.1_14 # 14995 # 16335 # 1 # ID=7_14;partial=00;start_type=ATG;rbs_motif=GGAG/GAGG;rbs_spacer=5-10bp;gc_cont=0.413
NZ_CADHBV010000007.1:9549-12026|-    -            826 874197at2            -            274   7.8e-07   25.0   0.1   1   1     1e-07   1.1e-05   21.2   0.1    31   155   355   501   329   513 0.63 NZ_CADHBV010000007.1_8 # 9549 # 12026 # -1 # ID=7_8;partial=00;start_type=ATG;rbs_motif=GGA/GAG/AGG;rbs_spacer=5-10bp;gc_cont=0.414
NZ_CADHBV010000006.1:7782-9113|+     -            444 874197at2            -            274   1.1e-06   24.5   1.3   1   3     1e-07   1.2e-05   21.2   0.1     8    97    15   118     9   137 0.72 NZ_CADHBV010000006.1_9 # 7782 # 9113 # 1 # ID=6_9;partial=00;start_type=ATG;rbs_motif=GGAG/GAGG;rbs_spacer=5-10bp;gc_cont=0.385
NZ_CADHBV010000006.1:7782-9113|+     -            444 874197at2            -            274   1.1e-06   24.5   1.3   2   3      0.17        19    0.8   0.0    81    99   243   261   208   265 0.82 NZ_CADHBV010000006.1_9 # 7782 # 9113 # 1 # ID=6_9;partial=00;start_type=ATG;rbs_motif=GGAG/GAGG;rbs_spacer=5-10bp;gc_cont=0.385
NZ_CADHBV010000006.1:7782-9113|+     -            444 874197at2            -            274   1.1e-06   24.5   1.3   3   3         1   1.1e+02   -1.7   0.0    94   115   331   352   317   357 0.85 NZ_CADHBV010000006.1_9 # 7782 # 9113 # 1 # ID=6_9;partial=00;start_type=ATG;rbs_motif=GGAG/GAGG;rbs_spacer=5-10bp;gc_cont=0.385
NZ_CADHBV010000001.1:395605-397503|- -            633 874197at2            -            274   1.6e-06   24.0   0.0   1   1   3.4e-08   3.8e-06   22.8   0.0    32    96   200   272   166   277 0.67 NZ_CADHBV010000001.1_366 # 395605 # 397503 # -1 # ID=1_366;partial=00;start_type=ATG;rbs_motif=AGGA;rbs_spacer=5-10bp;gc_cont=0.433
NZ_CADHBV010000001.1:242782-245352|+ -            857 874197at2            -            274    0.0001   18.1   1.8   1   2    0.0025      0.29    6.8   0.9    35    99   197   281   168   284 0.50 NZ_CADHBV010000001.1_228 # 242782 # 245352 # 1 # ID=1_228;partial=00;start_type=ATG;rbs_motif=AGGA;rbs_spacer=5-10bp;gc_cont=0.414
NZ_CADHBV010000001.1:242782-245352|+ -            857 874197at2            -            274    0.0001   18.1   1.8   2   2     0.002      0.23    7.1   0.0    12    57   571   620   562   633 0.75 NZ_CADHBV010000001.1_228 # 242782 # 245352 # 1 # ID=1_228;partial=00;start_type=ATG;rbs_motif=AGGA;rbs_spacer=5-10bp;gc_cont=0.414
NZ_CADHBV010000004.1:41630-43231|+   -            534 874197at2            -            274    0.0002   17.1   0.0   1   2     0.091        10    1.7   0.0    39    70    31    65    11   100 0.73 NZ_CADHBV010000004.1_40 # 41630 # 43231 # 1 # ID=4_40;partial=00;start_type=ATG;rbs_motif=AGGA;rbs_spacer=5-10bp;gc_cont=0.420
NZ_CADHBV010000004.1:41630-43231|+   -            534 874197at2            -            274    0.0002   17.1   0.0   2   2   3.3e-05    0.0037   13.0   0.0    23    61   335   373   326   388 0.84 NZ_CADHBV010000004.1_40 # 41630 # 43231 # 1 # ID=4_40;partial=00;start_type=ATG;rbs_motif=AGGA;rbs_spacer=5-10bp;gc_cont=0.420
NZ_CADHBV010000002.1:70518-70919|-   -            134 874197at2            -            274   0.00048   15.9   0.0   1   1   5.9e-06   0.00066   15.4   0.0    25    68    11    54     3    62 0.90 NZ_CADHBV010000002.1_59 # 70518 # 70919 # -1 # ID=2_59;partial=00;start_type=ATG;rbs_motif=GGA/GAG/AGG;rbs_spacer=5-10bp;gc_cont=0.398
NZ_CADHBV010000022.1:2160-2735|-     -            192 874197at2            -            274    0.0016   14.2   0.1   1   1   2.2e-05    0.0025   13.5   0.1    38    74     5    41     1    95 0.86 NZ_CADHBV010000022.1_4 # 2160 # 2735 # -1 # ID=22_4;partial=00;start_type=ATG;rbs_motif=AGGA;rbs_spacer=5-10bp;gc_cont=0.411
NZ_CADHBV010000002.1:70916-72661|-   -            582 874197at2            -            274    0.0037   13.0   0.0   1   1   7.6e-05    0.0085   11.8   0.0     5    61     9    62     5   233 0.87 NZ_CADHBV010000002.1_60 # 70916 # 72661 # -1 # ID=2_60;partial=00;start_type=ATG;rbs_motif=AGGA/GGAG/GAGG;rbs_spacer=11-12bp;gc_cont=0.386
NZ_CADHBV010000003.1:3998-5365|+     -            456 874197at2            -            274    0.0037   13.0   0.0   1   2   9.2e-05      0.01   11.5   0.0    16    62   122   168   111   193 0.75 NZ_CADHBV010000003.1_5 # 3998 # 5365 # 1 # ID=3_5;partial=00;start_type=ATG;rbs_motif=None;rbs_spacer=None;gc_cont=0.397
NZ_CADHBV010000003.1:3998-5365|+     -            456 874197at2            -            274    0.0037   13.0   0.0   2   2       1.8     2e+02   -2.5   0.0   161   187   349   375   343   387 0.81 NZ_CADHBV010000003.1_5 # 3998 # 5365 # 1 # ID=3_5;partial=00;start_type=ATG;rbs_motif=None;rbs_spacer=None;gc_cont=0.397
#
# Program:         hmmsearch
# Version:         3.4 (Aug 2023)
# Pipeline mode:   SEARCH
# Query file:      /Users/kenny/BMMB852/Week02/Makefile/busco_downloads/lineages/bacteria_odb10/hmms/874197at2.hmm
# Target file:     /Users/kenny/BMMB852/Week02/Makefile/hpylori_busco/prodigal_output/predicted_genes/predicted.faa
# Option settings: hmmsearch --domtblout /Users/kenny/BMMB852/Week02/Makefile/hpylori_busco/run_bacteria_odb10/hmmer_output/874197at2.out --cpu 1 /Users/kenny/BMMB852/Week02/Makefile/busco_downloads/lineages/bacteria_odb10/hmms/874197at2.hmm /Users/kenny/BMMB852/Week02/Makefile/hpylori_busco/prodigal_output/predicted_genes/predicted.faa 
# Current dir:     /Users/kenny/BMMB852/Week02/Makefile
# Date:            Thu Sep  3 14:18:42 2026
# [ok]
