#                                                                                            --- full sequence --- -------------- this domain -------------   hmm coord   ali coord   env coord
# target name                        accession   tlen query name           accession   qlen   E-value  score  bias   #  of  c-Evalue  i-Evalue  score  bias  from    to  from    to  from    to  acc description of target
#                ------------------- ---------- ----- -------------------- ---------- ----- --------- ------ ----- --- --- --------- --------- ------ ----- ----- ----- ----- ----- ----- ----- ---- ---------------------
NZ_CADHBV010000006.1:9113-10018|+    -            302 984717at2            -            224   3.5e-45  150.8   8.3   1   1   1.3e-43   1.7e-41  138.7   8.3     1   222     7   289     7   294 0.72 NZ_CADHBV010000006.1_10 # 9113 # 10018 # 1 # ID=6_10;partial=00;start_type=ATG;rbs_motif=None;rbs_spacer=None;gc_cont=0.382
NZ_CADHBV010000004.1:54542-55927|-   -            462 984717at2            -            224   7.5e-29   97.3   0.6   1   2     3e-18   3.9e-16   55.7   0.0     2   108    11   132    10   142 0.77 NZ_CADHBV010000004.1_54 # 54542 # 55927 # -1 # ID=4_54;partial=00;start_type=ATG;rbs_motif=None;rbs_spacer=None;gc_cont=0.402
NZ_CADHBV010000004.1:54542-55927|-   -            462 984717at2            -            224   7.5e-29   97.3   0.6   2   2   2.9e-13   3.8e-11   39.4   0.3     2    59   202   260   201   368 0.79 NZ_CADHBV010000004.1_54 # 54542 # 55927 # -1 # ID=4_54;partial=00;start_type=ATG;rbs_motif=None;rbs_spacer=None;gc_cont=0.402
NZ_CADHBV010000003.1:92003-93355|-   -            451 984717at2            -            224   2.7e-15   53.0   0.3   1   2         2   2.6e+02   -2.6   0.0   162   202   126   166   110   173 0.67 NZ_CADHBV010000003.1_81 # 92003 # 93355 # -1 # ID=3_81;partial=00;start_type=ATG;rbs_motif=None;rbs_spacer=None;gc_cont=0.392
NZ_CADHBV010000003.1:92003-93355|-   -            451 984717at2            -            224   2.7e-15   53.0   0.3   2   2   6.2e-17   8.2e-15   51.4   0.1     2   118   216   349   215   373 0.75 NZ_CADHBV010000003.1_81 # 92003 # 93355 # -1 # ID=3_81;partial=00;start_type=ATG;rbs_motif=None;rbs_spacer=None;gc_cont=0.392
NZ_CADHBV010000002.1:36583-38511|-   -            643 984717at2            -            224   5.3e-10   35.7   0.2   1   1   1.1e-11   1.4e-09   34.3   0.2     2   100     6   109     5   128 0.78 NZ_CADHBV010000002.1_30 # 36583 # 38511 # -1 # ID=2_30;partial=00;start_type=ATG;rbs_motif=AGGA/GGAG/GAGG;rbs_spacer=11-12bp;gc_cont=0.395
NZ_CADHBV010000005.1:49569-50195|+   -            209 984717at2            -            224   1.5e-07   27.7   0.0   1   2   2.3e-09     3e-07   26.7   0.0     3    36    28    61    26   102 0.75 NZ_CADHBV010000005.1_50 # 49569 # 50195 # 1 # ID=5_50;partial=00;start_type=ATG;rbs_motif=GGA/GAG/AGG;rbs_spacer=5-10bp;gc_cont=0.384
NZ_CADHBV010000005.1:49569-50195|+   -            209 984717at2            -            224   1.5e-07   27.7   0.0   2   2       2.8   3.6e+02   -3.0   0.0   188   201   131   144   124   169 0.66 NZ_CADHBV010000005.1_50 # 49569 # 50195 # 1 # ID=5_50;partial=00;start_type=ATG;rbs_motif=GGA/GAG/AGG;rbs_spacer=5-10bp;gc_cont=0.384
NZ_CADHBV010000002.1:98443-98907|-   -            155 984717at2            -            224   2.9e-07   26.7   0.0   1   1   2.7e-09   3.5e-07   26.5   0.0     2    71    48   116    47   143 0.86 NZ_CADHBV010000002.1_86 # 98443 # 98907 # -1 # ID=2_86;partial=00;start_type=ATG;rbs_motif=GGA/GAG/AGG;rbs_spacer=5-10bp;gc_cont=0.396
NZ_CADHBV010000009.1:34060-36384|-   -            775 984717at2            -            224   4.2e-06   22.9   0.3   1   2   9.5e-05     0.012   11.6   0.1     2    28    54    80    53    96 0.84 NZ_CADHBV010000009.1_40 # 34060 # 36384 # -1 # ID=9_40;partial=00;start_type=ATG;rbs_motif=AGGA;rbs_spacer=5-10bp;gc_cont=0.398
NZ_CADHBV010000009.1:34060-36384|-   -            775 984717at2            -            224   4.2e-06   22.9   0.3   2   2    0.0007     0.092    8.7   0.0    50   119   263   329   250   339 0.81 NZ_CADHBV010000009.1_40 # 34060 # 36384 # -1 # ID=9_40;partial=00;start_type=ATG;rbs_motif=AGGA;rbs_spacer=5-10bp;gc_cont=0.398
NZ_CADHBV010000001.1:291050-292132|+ -            361 984717at2            -            224   4.8e-06   22.7   0.0   1   1   1.3e-07   1.7e-05   20.9   0.0     2    84   159   246   158   299 0.76 NZ_CADHBV010000001.1_267 # 291050 # 292132 # 1 # ID=1_267;partial=00;start_type=GTG;rbs_motif=GGA/GAG/AGG;rbs_spacer=5-10bp;gc_cont=0.440
NZ_CADHBV010000001.1:412390-415230|+ -            947 984717at2            -            224   3.5e-05   19.9   0.6   1   1   8.4e-07   0.00011   18.3   0.6     2   103   450   558   449   568 0.72 NZ_CADHBV010000001.1_387 # 412390 # 415230 # 1 # ID=1_387;partial=00;start_type=ATG;rbs_motif=AGGAG/GGAGG;rbs_spacer=11-12bp;gc_cont=0.415
NZ_CADHBV010000009.1:36387-38033|-   -            549 984717at2            -            224   0.00092   15.3   0.4   1   3   7.3e-05    0.0095   12.0   0.1     2    33    44    75    43    80 0.85 NZ_CADHBV010000009.1_41 # 36387 # 38033 # -1 # ID=9_41;partial=00;start_type=ATG;rbs_motif=AGGA;rbs_spacer=5-10bp;gc_cont=0.375
NZ_CADHBV010000009.1:36387-38033|-   -            549 984717at2            -            224   0.00092   15.3   0.4   2   3      0.41        53   -0.3   0.0    44    60   133   149   127   191 0.76 NZ_CADHBV010000009.1_41 # 36387 # 38033 # -1 # ID=9_41;partial=00;start_type=ATG;rbs_motif=AGGA;rbs_spacer=5-10bp;gc_cont=0.375
NZ_CADHBV010000009.1:36387-38033|-   -            549 984717at2            -            224   0.00092   15.3   0.4   3   3       4.1   5.3e+02   -3.6   0.0    84   110   327   356   314   365 0.53 NZ_CADHBV010000009.1_41 # 36387 # 38033 # -1 # ID=9_41;partial=00;start_type=ATG;rbs_motif=AGGA;rbs_spacer=5-10bp;gc_cont=0.375
NZ_CADHBV010000006.1:28480-29580|-   -            367 984717at2            -            224    0.0019   14.2   1.1   1   2   3.7e-05    0.0049   12.9   0.1     2    29     5    32     4    49 0.80 NZ_CADHBV010000006.1_32 # 28480 # 29580 # -1 # ID=6_32;partial=00;start_type=ATG;rbs_motif=GGA/GAG/AGG;rbs_spacer=5-10bp;gc_cont=0.410
NZ_CADHBV010000006.1:28480-29580|-   -            367 984717at2            -            224    0.0019   14.2   1.1   2   2      0.52        69   -0.7   0.1    94   108   113   127    64   196 0.59 NZ_CADHBV010000006.1_32 # 28480 # 29580 # -1 # ID=6_32;partial=00;start_type=ATG;rbs_motif=GGA/GAG/AGG;rbs_spacer=5-10bp;gc_cont=0.410
NZ_CADHBV010000035.1:784-1485|-      -            234 984717at2            -            224    0.0028   13.7   0.2   1   2   6.5e-05    0.0085   12.1   0.1     3    22    31    50    29    58 0.92 NZ_CADHBV010000035.1_2 # 784 # 1485 # -1 # ID=35_2;partial=01;start_type=Edge;rbs_motif=None;rbs_spacer=None;gc_cont=0.332
NZ_CADHBV010000035.1:784-1485|-      -            234 984717at2            -            224    0.0028   13.7   0.2   2   2      0.79     1e+02   -1.2   0.0    33    55   127   149   122   212 0.72 NZ_CADHBV010000035.1_2 # 784 # 1485 # -1 # ID=35_2;partial=01;start_type=Edge;rbs_motif=None;rbs_spacer=None;gc_cont=0.332
#
# Program:         hmmsearch
# Version:         3.4 (Aug 2023)
# Pipeline mode:   SEARCH
# Query file:      /Users/kenny/BMMB852/Week02/Makefile/busco_downloads/lineages/bacteria_odb10/hmms/984717at2.hmm
# Target file:     /Users/kenny/BMMB852/Week02/Makefile/hpylori_busco/prodigal_output/predicted_genes/predicted.faa
# Option settings: hmmsearch --domtblout /Users/kenny/BMMB852/Week02/Makefile/hpylori_busco/run_bacteria_odb10/hmmer_output/984717at2.out --cpu 1 /Users/kenny/BMMB852/Week02/Makefile/busco_downloads/lineages/bacteria_odb10/hmms/984717at2.hmm /Users/kenny/BMMB852/Week02/Makefile/hpylori_busco/prodigal_output/predicted_genes/predicted.faa 
# Current dir:     /Users/kenny/BMMB852/Week02/Makefile
# Date:            Thu Sep  3 14:18:43 2026
# [ok]
